// Jest Snapshot v1, https://goo.gl/fbAQLP

exports[`printPrismaSchema prints a pretty string 1`] = `
"model User {
    id Int @id
    name String 
    email String 
    age Int? 
    posts Post[] 
}

model Post {
    id Int @id
    title String 
    content String 
    author User 
}"
`;
